

*******************************************************************************
Sat Jan 03 10:14:36 2026


FIT:    data read from "results/convergence_ExplicitEuler.dat" using 1:2
        format = x:z
        #datapoints = 3
        residuals are weighted equally (unit weight)

function used for fitting: f_euler(x)
	f_euler(x) = a1 * x**b1
fitted parameters initialized with current variable values

iter      chisq       delta/lim  lambda   a1            b1           
   0 1.2284237267e-02   0.00e+00  1.27e-01    1.000000e+00   1.000000e+00
   8 3.8701830585e-11  -2.56e-01  1.27e-09    3.365626e-01   1.954779e+00

After 8 iterations the fit converged.
final sum of squares of residuals : 3.87018e-11
rel. change during last iteration : -2.56206e-06

degrees of freedom    (FIT_NDF)                        : 1
rms of residuals      (FIT_STDFIT) = sqrt(WSSR/ndf)    : 6.22108e-06
variance of residuals (reduced chisquare) = WSSR/ndf   : 3.87018e-11

Final set of parameters            Asymptotic Standard Error
=======================            ==========================
a1              = 0.336563         +/- 0.00681      (2.023%)
b1              = 1.95478          +/- 0.008598     (0.4398%)

correlation matrix of the fit parameters:
                a1     b1     
a1              1.000 
b1              0.997  1.000 


*******************************************************************************
Sat Jan 03 10:14:36 2026


FIT:    data read from "results/convergence_RungeKutta2.dat" using 1:2
        format = x:z
        #datapoints = 3
        residuals are weighted equally (unit weight)

function used for fitting: f_rk2(x)
	f_rk2(x)   = a2 * x**b2
fitted parameters initialized with current variable values

iter      chisq       delta/lim  lambda   a2            b2           
   0 1.1735077505e-02   0.00e+00  1.27e-01    1.000000e+00   1.000000e+00
   8 2.2090338807e-10  -8.24e-02  1.27e-09    5.744973e-01   1.963078e+00

After 8 iterations the fit converged.
final sum of squares of residuals : 2.20903e-10
rel. change during last iteration : -8.24293e-07

degrees of freedom    (FIT_NDF)                        : 1
rms of residuals      (FIT_STDFIT) = sqrt(WSSR/ndf)    : 1.48628e-05
variance of residuals (reduced chisquare) = WSSR/ndf   : 2.20903e-10

Final set of parameters            Asymptotic Standard Error
=======================            ==========================
a2              = 0.574497         +/- 0.01669      (2.905%)
b2              = 1.96308          +/- 0.01235      (0.629%)

correlation matrix of the fit parameters:
                a2     b2     
a2              1.000 
b2              0.997  1.000 


*******************************************************************************
Sat Jan 03 10:14:36 2026


FIT:    data read from "results/convergence_RungeKutta4.dat" using 1:2
        format = x:z
        #datapoints = 3
        residuals are weighted equally (unit weight)

function used for fitting: f_rk4(x)
	f_rk4(x)   = a3 * x**b3
fitted parameters initialized with current variable values

iter      chisq       delta/lim  lambda   a3            b3           
   0 2.0122651066e-05   0.00e+00  2.03e-02    1.000000e+00   2.000000e+00
  24 4.1006106223e-10  -1.07e-04  2.03e-03    4.507588e-01   1.903318e+00

After 24 iterations the fit converged.
final sum of squares of residuals : 4.10061e-10
rel. change during last iteration : -1.0674e-09

degrees of freedom    (FIT_NDF)                        : 1
rms of residuals      (FIT_STDFIT) = sqrt(WSSR/ndf)    : 2.025e-05
variance of residuals (reduced chisquare) = WSSR/ndf   : 4.10061e-10

Final set of parameters            Asymptotic Standard Error
=======================            ==========================
a3              = 0.450759         +/- 0.01893      (4.2%)
b3              = 1.90332          +/- 0.01781      (0.9359%)

correlation matrix of the fit parameters:
                a3     b3     
a3              1.000 
b3              0.997  1.000 


*******************************************************************************
Sat Jan 03 10:14:41 2026


FIT:    data read from "results/convergence_ExplicitEuler.dat" using 4:2
        format = x:z
        #datapoints = 3
        residuals are weighted equally (unit weight)

function used for fitting: f_euler(x)
	f_euler(x) = a1 * x**b1
fitted parameters initialized with current variable values

iter      chisq       delta/lim  lambda   a1            b1           
   0 3.9438844394e+00   0.00e+00  9.12e-01    1.000000e+00  -2.500000e-01
   8 3.2213135040e-10  -3.79e-04  9.12e-04    1.248706e-03  -5.013464e-01

After 8 iterations the fit converged.
final sum of squares of residuals : 3.22131e-10
rel. change during last iteration : -3.79467e-09

degrees of freedom    (FIT_NDF)                        : 1
rms of residuals      (FIT_STDFIT) = sqrt(WSSR/ndf)    : 1.7948e-05
variance of residuals (reduced chisquare) = WSSR/ndf   : 3.22131e-10

Final set of parameters            Asymptotic Standard Error
=======================            ==========================
a1              = 0.00124871       +/- 1.673e-05    (1.34%)
b1              = -0.501346        +/- 0.006297     (1.256%)

correlation matrix of the fit parameters:
                a1     b1     
a1              1.000 
b1              0.938  1.000 


*******************************************************************************
Sat Jan 03 10:14:41 2026


FIT:    data read from "results/convergence_RungeKutta2.dat" using 4:2
        format = x:z
        #datapoints = 3
        residuals are weighted equally (unit weight)

function used for fitting: f_rk2(x)
	f_rk2(x)   = a2 * x**b2
fitted parameters initialized with current variable values

iter      chisq       delta/lim  lambda   a2            b2           
   0 2.9675914439e+00   0.00e+00  7.64e-01    1.000000e+00  -2.500000e-01
   8 2.9127483737e-10  -6.01e-04  7.64e-04    2.692789e-03  -5.310789e-01

After 8 iterations the fit converged.
final sum of squares of residuals : 2.91275e-10
rel. change during last iteration : -6.00583e-09

degrees of freedom    (FIT_NDF)                        : 1
rms of residuals      (FIT_STDFIT) = sqrt(WSSR/ndf)    : 1.70668e-05
variance of residuals (reduced chisquare) = WSSR/ndf   : 2.91275e-10

Final set of parameters            Asymptotic Standard Error
=======================            ==========================
a2              = 0.00269279       +/- 1.623e-05    (0.6027%)
b2              = -0.531079        +/- 0.003845     (0.724%)

correlation matrix of the fit parameters:
                a2     b2     
a2              1.000 
b2              0.899  1.000 


*******************************************************************************
Sat Jan 03 10:14:41 2026


FIT:    data read from "results/convergence_RungeKutta4.dat" using 4:2
        format = x:z
        #datapoints = 3
        residuals are weighted equally (unit weight)

function used for fitting: f_rk4(x)
	f_rk4(x)   = a3 * x**b3
fitted parameters initialized with current variable values

iter      chisq       delta/lim  lambda   a3            b3           
   0 2.1552987629e+00   0.00e+00  6.40e-01    1.000000e+00  -2.500000e-01
   8 1.2575086710e-09  -1.14e-04  6.40e-04    3.440285e-03  -5.370731e-01

After 8 iterations the fit converged.
final sum of squares of residuals : 1.25751e-09
rel. change during last iteration : -1.14267e-09

degrees of freedom    (FIT_NDF)                        : 1
rms of residuals      (FIT_STDFIT) = sqrt(WSSR/ndf)    : 3.54614e-05
variance of residuals (reduced chisquare) = WSSR/ndf   : 1.25751e-09

Final set of parameters            Asymptotic Standard Error
=======================            ==========================
a3              = 0.00344028       +/- 3.061e-05    (0.8897%)
b3              = -0.537073        +/- 0.008893     (1.656%)

correlation matrix of the fit parameters:
                a3     b3     
a3              1.000 
b3              0.731  1.000 


*******************************************************************************
Sat Jan 03 10:14:46 2026


FIT:    data read from "results/convergence_ExplicitEuler.dat" using (1.0/$1):4
        format = x:z
        #datapoints = 3
        residuals are weighted equally (unit weight)

function used for fitting: f_euler(x)
	f_euler(x) = a1 * x**b1
fitted parameters initialized with current variable values

iter      chisq       delta/lim  lambda   a1            b1           
   0 4.2327034988e+02   0.00e+00  1.56e+01    1.000000e-06   4.000000e+00
 444 1.4995396800e-04  -1.11e-03  1.56e-07    2.129177e-05   3.766991e+00

After 444 iterations the fit converged.
final sum of squares of residuals : 0.000149954
rel. change during last iteration : -1.10842e-08

degrees of freedom    (FIT_NDF)                        : 1
rms of residuals      (FIT_STDFIT) = sqrt(WSSR/ndf)    : 0.0122456
variance of residuals (reduced chisquare) = WSSR/ndf   : 0.000149954

Final set of parameters            Asymptotic Standard Error
=======================            ==========================
a1              = 2.12918e-05      +/- 8.068e-07    (3.789%)
b1              = 3.76699          +/- 0.01021      (0.2711%)

correlation matrix of the fit parameters:
                a1     b1     
a1              1.000 
b1             -1.000  1.000 


*******************************************************************************
Sat Jan 03 10:14:47 2026


FIT:    data read from "results/convergence_RungeKutta2.dat" using (1.0/$1):4
        format = x:z
        #datapoints = 3
        residuals are weighted equally (unit weight)

function used for fitting: f_rk2(x)
	f_rk2(x)   = a2 * x**b2
fitted parameters initialized with current variable values

iter      chisq       delta/lim  lambda   a2            b2           
   0 1.3598807956e+03   0.00e+00  1.56e+01    1.000000e-06   4.000000e+00
 403 9.9621223997e-04  -7.55e-01  1.56e-06    2.117495e-05   3.913195e+00

After 403 iterations the fit converged.
final sum of squares of residuals : 0.000996212
rel. change during last iteration : -7.54833e-06

degrees of freedom    (FIT_NDF)                        : 1
rms of residuals      (FIT_STDFIT) = sqrt(WSSR/ndf)    : 0.0315628
variance of residuals (reduced chisquare) = WSSR/ndf   : 0.000996212

Final set of parameters            Asymptotic Standard Error
=======================            ==========================
a2              = 2.11749e-05      +/- 1.344e-06    (6.347%)
b2              = 3.91319          +/- 0.01709      (0.4368%)

correlation matrix of the fit parameters:
                a2     b2     
a2              1.000 
b2             -1.000  1.000 


*******************************************************************************
Sat Jan 03 10:14:47 2026


FIT:    data read from "results/convergence_RungeKutta4.dat" using (1.0/$1):4
        format = x:z
        #datapoints = 3
        residuals are weighted equally (unit weight)

function used for fitting: f_rk4(x)
	f_rk4(x)   = a3 * x**b3
fitted parameters initialized with current variable values

iter      chisq       delta/lim  lambda   a3            b3           
   0 4.4889602821e+03   0.00e+00  1.56e+01    1.000000e-06   4.000000e+00
 410 1.1030114785e-02  -1.86e-01  1.56e-06    3.417565e-05   3.937271e+00

After 410 iterations the fit converged.
final sum of squares of residuals : 0.0110301
rel. change during last iteration : -1.85591e-06

degrees of freedom    (FIT_NDF)                        : 1
rms of residuals      (FIT_STDFIT) = sqrt(WSSR/ndf)    : 0.105024
variance of residuals (reduced chisquare) = WSSR/ndf   : 0.0110301

Final set of parameters            Asymptotic Standard Error
=======================            ==========================
a3              = 3.41757e-05      +/- 4.161e-06    (12.18%)
b3              = 3.93727          +/- 0.03279      (0.8329%)

correlation matrix of the fit parameters:
                a3     b3     
a3              1.000 
b3             -1.000  1.000 
