

*******************************************************************************
Thu Dec 25 11:09:46 2025


FIT:    data read from DATA using 1:2
        format = x:z
        #datapoints = 4
        residuals are weighted equally (unit weight)

function used for fitting: f(x)
	f(x) = A * x**p
fitted parameters initialized with current variable values

iter      chisq       delta/lim  lambda   A             p            
   0 4.3850851420e-05   0.00e+00  1.75e-02    1.000000e+00   2.000000e+00
  37 8.2226463953e-11  -3.83e-05  1.75e-04    3.099967e-01   1.937737e+00

After 37 iterations the fit converged.
final sum of squares of residuals : 8.22265e-11
rel. change during last iteration : -3.83088e-10

degrees of freedom    (FIT_NDF)                        : 2
rms of residuals      (FIT_STDFIT) = sqrt(WSSR/ndf)    : 6.41196e-06
variance of residuals (reduced chisquare) = WSSR/ndf   : 4.11132e-11

Final set of parameters            Asymptotic Standard Error
=======================            ==========================
A               = 0.309997         +/- 0.006556     (2.115%)
p               = 1.93774          +/- 0.008978     (0.4633%)

correlation matrix of the fit parameters:
                A      p      
A               1.000 
p               0.997  1.000 


*******************************************************************************
Thu Dec 25 11:11:27 2025


FIT:    data read from DATA using 1:2
        format = x:z
        #datapoints = 4
        residuals are weighted equally (unit weight)

function used for fitting: f(x)
	f(x) = A * x**p
fitted parameters initialized with current variable values

iter      chisq       delta/lim  lambda   A             p            
   0 4.3850851420e-05   0.00e+00  1.75e-02    1.000000e+00   2.000000e+00
  37 8.2226463953e-11  -3.83e-05  1.75e-04    3.099967e-01   1.937737e+00

After 37 iterations the fit converged.
final sum of squares of residuals : 8.22265e-11
rel. change during last iteration : -3.83088e-10

degrees of freedom    (FIT_NDF)                        : 2
rms of residuals      (FIT_STDFIT) = sqrt(WSSR/ndf)    : 6.41196e-06
variance of residuals (reduced chisquare) = WSSR/ndf   : 4.11132e-11

Final set of parameters            Asymptotic Standard Error
=======================            ==========================
A               = 0.309997         +/- 0.006556     (2.115%)
p               = 1.93774          +/- 0.008978     (0.4633%)

correlation matrix of the fit parameters:
                A      p      
A               1.000 
p               0.997  1.000 


*******************************************************************************
Thu Dec 25 11:12:29 2025


FIT:    data read from DATA using 1:2
        format = x:z
        #datapoints = 4
        residuals are weighted equally (unit weight)

function used for fitting: f(x)
	f(x) = A * x**p
fitted parameters initialized with current variable values

iter      chisq       delta/lim  lambda   A             p            
   0 4.3850851420e-05   0.00e+00  1.75e-02    1.000000e+00   2.000000e+00
  37 8.2226463953e-11  -3.83e-05  1.75e-04    3.099967e-01   1.937737e+00

After 37 iterations the fit converged.
final sum of squares of residuals : 8.22265e-11
rel. change during last iteration : -3.83088e-10

degrees of freedom    (FIT_NDF)                        : 2
rms of residuals      (FIT_STDFIT) = sqrt(WSSR/ndf)    : 6.41196e-06
variance of residuals (reduced chisquare) = WSSR/ndf   : 4.11132e-11

Final set of parameters            Asymptotic Standard Error
=======================            ==========================
A               = 0.309997         +/- 0.006556     (2.115%)
p               = 1.93774          +/- 0.008978     (0.4633%)

correlation matrix of the fit parameters:
                A      p      
A               1.000 
p               0.997  1.000 


*******************************************************************************
Thu Dec 25 11:15:24 2025


FIT:    data read from DATA using 1:2
        format = x:z
        #datapoints = 4
        residuals are weighted equally (unit weight)

function used for fitting: f(x)
	f(x) = A * x**p
fitted parameters initialized with current variable values

iter      chisq       delta/lim  lambda   A             p            
   0 4.3850851420e-05   0.00e+00  1.75e-02    1.000000e+00   2.000000e+00
  37 8.2226463953e-11  -3.83e-05  1.75e-04    3.099967e-01   1.937737e+00

After 37 iterations the fit converged.
final sum of squares of residuals : 8.22265e-11
rel. change during last iteration : -3.83088e-10

degrees of freedom    (FIT_NDF)                        : 2
rms of residuals      (FIT_STDFIT) = sqrt(WSSR/ndf)    : 6.41196e-06
variance of residuals (reduced chisquare) = WSSR/ndf   : 4.11132e-11

Final set of parameters            Asymptotic Standard Error
=======================            ==========================
A               = 0.309997         +/- 0.006556     (2.115%)
p               = 1.93774          +/- 0.008978     (0.4633%)

correlation matrix of the fit parameters:
                A      p      
A               1.000 
p               0.997  1.000 


*******************************************************************************
Thu Dec 25 11:17:52 2025


FIT:    data read from DATA using 1:2
        format = x:z
        #datapoints = 4
        residuals are weighted equally (unit weight)

function used for fitting: f(x)
	f(x) = A * x**p
fitted parameters initialized with current variable values

iter      chisq       delta/lim  lambda   A             p            
   0 4.3850851420e-05   0.00e+00  1.75e-02    1.000000e+00   2.000000e+00
  37 8.2226463953e-11  -3.83e-05  1.75e-04    3.099967e-01   1.937737e+00

After 37 iterations the fit converged.
final sum of squares of residuals : 8.22265e-11
rel. change during last iteration : -3.83088e-10

degrees of freedom    (FIT_NDF)                        : 2
rms of residuals      (FIT_STDFIT) = sqrt(WSSR/ndf)    : 6.41196e-06
variance of residuals (reduced chisquare) = WSSR/ndf   : 4.11132e-11

Final set of parameters            Asymptotic Standard Error
=======================            ==========================
A               = 0.309997         +/- 0.006556     (2.115%)
p               = 1.93774          +/- 0.008978     (0.4633%)

correlation matrix of the fit parameters:
                A      p      
A               1.000 
p               0.997  1.000 


*******************************************************************************
Thu Dec 25 11:21:13 2025


FIT:    data read from DATA using 1:2
        format = x:z
        #datapoints = 4
        residuals are weighted equally (unit weight)

function used for fitting: f(x)
	f(x) = A * x**p
fitted parameters initialized with current variable values

iter      chisq       delta/lim  lambda   p            
   0 4.9839485871e-08   0.00e+00  9.22e-03    2.000000e+00
   4 3.6998935130e-09  -2.10e-04  9.22e-07    2.023919e+00

After 4 iterations the fit converged.
final sum of squares of residuals : 3.69989e-09
rel. change during last iteration : -2.0965e-09

degrees of freedom    (FIT_NDF)                        : 3
rms of residuals      (FIT_STDFIT) = sqrt(WSSR/ndf)    : 3.51183e-05
variance of residuals (reduced chisquare) = WSSR/ndf   : 1.2333e-09

Final set of parameters            Asymptotic Standard Error
=======================            ==========================
p               = 2.02392          +/- 0.00403      (0.1991%)


*******************************************************************************
Thu Dec 25 11:21:38 2025


FIT:    data read from DATA using 1:2
        format = x:z
        #datapoints = 4
        residuals are weighted equally (unit weight)

function used for fitting: f(x)
	f(x) = A * x**p
fitted parameters initialized with current variable values

iter      chisq       delta/lim  lambda   p            
   0 4.9839485871e-08   0.00e+00  9.22e-03    2.000000e+00
   4 3.6998935130e-09  -2.10e-04  9.22e-07    2.023919e+00

After 4 iterations the fit converged.
final sum of squares of residuals : 3.69989e-09
rel. change during last iteration : -2.0965e-09

degrees of freedom    (FIT_NDF)                        : 3
rms of residuals      (FIT_STDFIT) = sqrt(WSSR/ndf)    : 3.51183e-05
variance of residuals (reduced chisquare) = WSSR/ndf   : 1.2333e-09

Final set of parameters            Asymptotic Standard Error
=======================            ==========================
p               = 2.02392          +/- 0.00403      (0.1991%)


*******************************************************************************
Thu Dec 25 11:22:25 2025


FIT:    data read from DATA using 1:2
        format = x:z
        #datapoints = 4
        residuals are weighted equally (unit weight)

function used for fitting: f(x)
	f(x) = A * x**p
fitted parameters initialized with current variable values

iter      chisq       delta/lim  lambda   p            
   0 4.9839485871e-08   0.00e+00  9.22e-03    2.000000e+00
   4 3.6998935130e-09  -2.10e-04  9.22e-07    2.023919e+00

After 4 iterations the fit converged.
final sum of squares of residuals : 3.69989e-09
rel. change during last iteration : -2.0965e-09

degrees of freedom    (FIT_NDF)                        : 3
rms of residuals      (FIT_STDFIT) = sqrt(WSSR/ndf)    : 3.51183e-05
variance of residuals (reduced chisquare) = WSSR/ndf   : 1.2333e-09

Final set of parameters            Asymptotic Standard Error
=======================            ==========================
p               = 2.02392          +/- 0.00403      (0.1991%)


*******************************************************************************
Thu Dec 25 11:24:18 2025


FIT:    data read from DATA using 1:(log($2))
        format = x:z
        #datapoints = 4
        residuals are weighted equally (unit weight)

function used for fitting: f(log(x))
	f(x) = a + p*x
fitted parameters initialized with current variable values

Warning: Initial value of parameter 'a' is zero.
iter      chisq       delta/lim  lambda   a             p            
   0 3.8929577861e+00   0.00e+00  4.85e+00    1.000000e-30   2.000000e+00
BREAK: Singular matrix in Invert_RtR

*******************************************************************************
Thu Dec 25 11:34:14 2025


FIT:    data read from "results/convergence_cpp.dat" using 1:2
        format = x:z
        #datapoints = 4
        residuals are weighted equally (unit weight)

function used for fitting: f(x)
	f(x) = a * x**b
fitted parameters initialized with current variable values

iter      chisq       delta/lim  lambda   a             b            
   0 4.3850851420e-05   0.00e+00  1.75e-02    1.000000e+00   2.000000e+00
  37 8.2226463953e-11  -3.83e-05  1.75e-04    3.099967e-01   1.937737e+00

After 37 iterations the fit converged.
final sum of squares of residuals : 8.22265e-11
rel. change during last iteration : -3.83088e-10

degrees of freedom    (FIT_NDF)                        : 2
rms of residuals      (FIT_STDFIT) = sqrt(WSSR/ndf)    : 6.41196e-06
variance of residuals (reduced chisquare) = WSSR/ndf   : 4.11132e-11

Final set of parameters            Asymptotic Standard Error
=======================            ==========================
a               = 0.309997         +/- 0.006556     (2.115%)
b               = 1.93774          +/- 0.008978     (0.4633%)

correlation matrix of the fit parameters:
                a      b      
a               1.000 
b               0.997  1.000 


*******************************************************************************
Thu Dec 25 11:35:55 2025


FIT:    data read from "results/convergence_cpp.dat" using 1:2
        format = x:z
        #datapoints = 4
        residuals are weighted equally (unit weight)

function used for fitting: f(x)
	f(x) = a * x**b
fitted parameters initialized with current variable values

iter      chisq       delta/lim  lambda   a             b            
   0 4.3850851420e-05   0.00e+00  1.75e-02    1.000000e+00   2.000000e+00
  37 8.2226463953e-11  -3.83e-05  1.75e-04    3.099967e-01   1.937737e+00

After 37 iterations the fit converged.
final sum of squares of residuals : 8.22265e-11
rel. change during last iteration : -3.83088e-10

degrees of freedom    (FIT_NDF)                        : 2
rms of residuals      (FIT_STDFIT) = sqrt(WSSR/ndf)    : 6.41196e-06
variance of residuals (reduced chisquare) = WSSR/ndf   : 4.11132e-11

Final set of parameters            Asymptotic Standard Error
=======================            ==========================
a               = 0.309997         +/- 0.006556     (2.115%)
b               = 1.93774          +/- 0.008978     (0.4633%)

correlation matrix of the fit parameters:
                a      b      
a               1.000 
b               0.997  1.000 
